// Jest Snapshot v1, https://goo.gl/fbAQLP

exports[`Example renders correctly 1`] = `
<View
  onLayout={[Function]}
  style={
    Array [
      Object {
        "backgroundColor": "transparent",
        "flex": 1,
      },
      undefined,
    ]
  }
>
  <View
    style={
      Object {
        "flex": 1,
      }
    }
  >
    <View
      onMoveShouldSetResponder={[Function]}
      onMoveShouldSetResponderCapture={[Function]}
      onResponderEnd={[Function]}
      onResponderGrant={[Function]}
      onResponderMove={[Function]}
      onResponderReject={[Function]}
      onResponderRelease={[Function]}
      onResponderStart={[Function]}
      onResponderTerminate={[Function]}
      onResponderTerminationRequest={[Function]}
      onStartShouldSetResponder={[Function]}
      onStartShouldSetResponderCapture={[Function]}
      pointerEvents="auto"
      style={
        Object {
          "backgroundColor": "#fff",
          "bottom": 0,
          "flex": 1,
          "left": 0,
          "opacity": 1,
          "position": "absolute",
          "right": 0,
          "shadowColor": null,
          "shadowOffset": null,
          "shadowOpacity": null,
          "shadowRadius": null,
          "top": 0,
          "transform": Array [
            Object {
              "translateX": 0,
            },
            Object {
              "translateY": 0,
            },
          ],
        }
      }
    >
      <View
        style={
          Array [
            Object {
              "flex": 1,
            },
            undefined,
          ]
        }
      >
        <View
          style={
            Object {
              "flex": 1,
            }
          }
        >
          <View
            onLayout={[Function]}
            style={
              Array [
                Object {
                  "backgroundColor": "transparent",
                  "flex": 1,
                },
                undefined,
              ]
            }
          >
            <View
              style={
                Object {
                  "flex": 1,
                }
              }
            >
              <View
                onMoveShouldSetResponder={[Function]}
                onMoveShouldSetResponderCapture={[Function]}
                onResponderEnd={[Function]}
                onResponderGrant={[Function]}
                onResponderMove={[Function]}
                onResponderReject={[Function]}
                onResponderRelease={[Function]}
                onResponderStart={[Function]}
                onResponderTerminate={[Function]}
                onResponderTerminationRequest={[Function]}
                onStartShouldSetResponder={[Function]}
                onStartShouldSetResponderCapture={[Function]}
                pointerEvents="auto"
                style={
                  Object {
                    "backgroundColor": "#fff",
                    "bottom": 0,
                    "flex": 1,
                    "left": 0,
                    "marginBottom": 0,
                    "marginTop": 0,
                    "opacity": 1,
                    "position": "absolute",
                    "right": 0,
                    "shadowColor": null,
                    "shadowOffset": null,
                    "shadowOpacity": null,
                    "shadowRadius": null,
                    "top": 0,
                    "transform": Array [
                      Object {
                        "translateX": 0,
                      },
                      Object {
                        "translateY": 0,
                      },
                    ],
                  }
                }
              >
                <View
                  style={
                    Array [
                      Object {
                        "flex": 1,
                      },
                      undefined,
                    ]
                  }
                >
                  <View
                    component={[Function]}
                    getSceneStyle={[Function]}
                    index={0}
                    initial={true}
                    name="launch"
                    navigationState={
                      Object {
                        "component": [Function],
                        "getSceneStyle": [Function],
                        "index": 0,
                        "initial": true,
                        "key": "0_launch",
                        "name": "launch",
                        "parent": "root",
                        "sceneKey": "launch",
                        "title": "Launch",
                        "type": "REACT_NATIVE_ROUTER_FLUX_PUSH",
                      }
                    }
                    onNavigate={[Function]}
                    parent="root"
                    sceneKey="launch"
                    style={
                      Object {
                        "alignItems": "center",
                        "backgroundColor": "transparent",
                        "borderColor": "red",
                        "borderWidth": 2,
                        "flex": 1,
                        "justifyContent": "center",
                      }
                    }
                    title="Launch"
                    type="REACT_NATIVE_ROUTER_FLUX_PUSH"
                  >
                    <Text
                      accessible={true}
                      allowFontScaling={true}
                      ellipsizeMode="tail"
                    >
                      Launch page
                    </Text>
                    <View
                      accessibilityComponentType="button"
                      accessibilityLabel={undefined}
                      accessibilityTraits="button"
                      accessible={true}
                      hitSlop={undefined}
                      isTVSelectable={true}
                      onLayout={undefined}
                      onResponderGrant={[Function]}
                      onResponderMove={[Function]}
                      onResponderRelease={[Function]}
                      onResponderTerminate={[Function]}
                      onResponderTerminationRequest={[Function]}
                      onStartShouldSetResponder={[Function]}
                      style={
                        Object {
                          "opacity": 1,
                        }
                      }
                      testID={undefined}
                      tvParallaxProperties={undefined}
                    >
                      <Text
                        accessible={true}
                        allowFontScaling={true}
                        ellipsizeMode="tail"
                        style={
                          Array [
                            Object {
                              "color": "#007aff",
                              "fontSize": 17,
                              "fontWeight": "500",
                              "textAlign": "center",
                            },
                            null,
                            undefined,
                            null,
                          ]
                        }
                      >
                        Go to Login page
                      </Text>
                    </View>
                    <View
                      accessibilityComponentType="button"
                      accessibilityLabel={undefined}
                      accessibilityTraits="button"
                      accessible={true}
                      hitSlop={undefined}
                      isTVSelectable={true}
                      onLayout={undefined}
                      onResponderGrant={[Function]}
                      onResponderMove={[Function]}
                      onResponderRelease={[Function]}
                      onResponderTerminate={[Function]}
                      onResponderTerminationRequest={[Function]}
                      onStartShouldSetResponder={[Function]}
                      style={
                        Object {
                          "opacity": 1,
                        }
                      }
                      testID={undefined}
                      tvParallaxProperties={undefined}
                    >
                      <Text
                        accessible={true}
                        allowFontScaling={true}
                        ellipsizeMode="tail"
                        style={
                          Array [
                            Object {
                              "color": "#007aff",
                              "fontSize": 17,
                              "fontWeight": "500",
                              "textAlign": "center",
                            },
                            null,
                            undefined,
                            null,
                          ]
                        }
                      >
                        Go to Register page
                      </Text>
                    </View>
                    <View
                      accessibilityComponentType="button"
                      accessibilityLabel={undefined}
                      accessibilityTraits="button"
                      accessible={true}
                      hitSlop={undefined}
                      isTVSelectable={true}
                      onLayout={undefined}
                      onResponderGrant={[Function]}
                      onResponderMove={[Function]}
                      onResponderRelease={[Function]}
                      onResponderTerminate={[Function]}
                      onResponderTerminationRequest={[Function]}
                      onStartShouldSetResponder={[Function]}
                      style={
                        Object {
                          "opacity": 1,
                        }
                      }
                      testID={undefined}
                      tvParallaxProperties={undefined}
                    >
                      <Text
                        accessible={true}
                        allowFontScaling={true}
                        ellipsizeMode="tail"
                        style={
                          Array [
                            Object {
                              "color": "#007aff",
                              "fontSize": 17,
                              "fontWeight": "500",
                              "textAlign": "center",
                            },
                            null,
                            undefined,
                            null,
                          ]
                        }
                      >
                        Go to Register page without animation
                      </Text>
                    </View>
                    <View
                      accessibilityComponentType="button"
                      accessibilityLabel={undefined}
                      accessibilityTraits="button"
                      accessible={true}
                      hitSlop={undefined}
                      isTVSelectable={true}
                      onLayout={undefined}
                      onResponderGrant={[Function]}
                      onResponderMove={[Function]}
                      onResponderRelease={[Function]}
                      onResponderTerminate={[Function]}
                      onResponderTerminationRequest={[Function]}
                      onStartShouldSetResponder={[Function]}
                      style={
                        Object {
                          "opacity": 1,
                        }
                      }
                      testID={undefined}
                      tvParallaxProperties={undefined}
                    >
                      <Text
                        accessible={true}
                        allowFontScaling={true}
                        ellipsizeMode="tail"
                        style={
                          Array [
                            Object {
                              "color": "#007aff",
                              "fontSize": 17,
                              "fontWeight": "500",
                              "textAlign": "center",
                            },
                            null,
                            undefined,
                            null,
                          ]
                        }
                      >
                        Popup error
                      </Text>
                    </View>
                    <View
                      accessibilityComponentType="button"
                      accessibilityLabel={undefined}
                      accessibilityTraits="button"
                      accessible={true}
                      hitSlop={undefined}
                      isTVSelectable={true}
                      onLayout={undefined}
                      onResponderGrant={[Function]}
                      onResponderMove={[Function]}
                      onResponderRelease={[Function]}
                      onResponderTerminate={[Function]}
                      onResponderTerminationRequest={[Function]}
                      onStartShouldSetResponder={[Function]}
                      style={
                        Object {
                          "opacity": 1,
                        }
                      }
                      testID={undefined}
                      tvParallaxProperties={undefined}
                    >
                      <Text
                        accessible={true}
                        allowFontScaling={true}
                        ellipsizeMode="tail"
                        style={
                          Array [
                            Object {
                              "color": "#007aff",
                              "fontSize": 17,
                              "fontWeight": "500",
                              "textAlign": "center",
                            },
                            null,
                            undefined,
                            null,
                          ]
                        }
                      >
                        Go to TabBar page
                      </Text>
                    </View>
                    <View
                      accessibilityComponentType="button"
                      accessibilityLabel={undefined}
                      accessibilityTraits="button"
                      accessible={true}
                      hitSlop={undefined}
                      isTVSelectable={true}
                      onLayout={undefined}
                      onResponderGrant={[Function]}
                      onResponderMove={[Function]}
                      onResponderRelease={[Function]}
                      onResponderTerminate={[Function]}
                      onResponderTerminationRequest={[Function]}
                      onStartShouldSetResponder={[Function]}
                      style={
                        Object {
                          "opacity": 1,
                        }
                      }
                      testID={undefined}
                      tvParallaxProperties={undefined}
                    >
                      <Text
                        accessible={true}
                        allowFontScaling={true}
                        ellipsizeMode="tail"
                        style={
                          Array [
                            Object {
                              "color": "#007aff",
                              "fontSize": 17,
                              "fontWeight": "500",
                              "textAlign": "center",
                            },
                            null,
                            undefined,
                            null,
                          ]
                        }
                      >
                        Go to switcher page
                      </Text>
                    </View>
                    <View
                      accessibilityComponentType="button"
                      accessibilityLabel={undefined}
                      accessibilityTraits="button"
                      accessible={true}
                      hitSlop={undefined}
                      isTVSelectable={true}
                      onLayout={undefined}
                      onResponderGrant={[Function]}
                      onResponderMove={[Function]}
                      onResponderRelease={[Function]}
                      onResponderTerminate={[Function]}
                      onResponderTerminationRequest={[Function]}
                      onStartShouldSetResponder={[Function]}
                      style={
                        Object {
                          "opacity": 1,
                        }
                      }
                      testID={undefined}
                      tvParallaxProperties={undefined}
                    >
                      <Text
                        accessible={true}
                        allowFontScaling={true}
                        ellipsizeMode="tail"
                        style={
                          Array [
                            Object {
                              "color": "#007aff",
                              "fontSize": 17,
                              "fontWeight": "500",
                              "textAlign": "center",
                            },
                            null,
                            undefined,
                            null,
                          ]
                        }
                      >
                        back
                      </Text>
                    </View>
                  </View>
                </View>
              </View>
            </View>
          </View>
        </View>
      </View>
    </View>
  </View>
</View>
`;
